Summary:
  Threshold:
    slow response     : 0.2
    slow operation    : 0.1
  # of responses      : 2
  # of slow responses : 0
  responses/sec       : 387.0613143828114
  start time          : 2012-12-12T17:39:17.624896+09:00
  last time           : 2012-12-12T17:39:17.630063+09:00
  period(sec)         : 0.00516714
  slow response ratio : 0.000%
  total response time : 0.004345996
  Slow Operations:

Slow Queries:
1) [2012-12-12T17:39:17.624896+09:00-2012-12-12T17:39:17.628024+09:00 (0.00312886)](0): load --table Video
  name: <load>
  parameters:
    <table>: <Video>

2) [2012-12-12T17:39:17.628846+09:00-2012-12-12T17:39:17.630063+09:00 (0.00121714)](0): select --table Users --query follower:@groonga --output_columns _key,name
  name: <select>
  parameters:
    <table>: <Users>
    <query>: <follower:@groonga>
    <output_columns>: <_key,name>
  1) 0.00084295:     filter(     2) Users.follower match "groonga"
  2) 0.00002795:     select(     2)
  3) 0.00019585:     output(     2) _key,name

