
Slow Queries:
1) [2012-12-12 17:39:17.3-2012-12-12 17:39:17.3 (0.00312886)](0): load --table Video  name: <load>
  parameters:
    <table>: <Video>

2) [2012-12-12 17:39:17.3-2012-12-12 17:39:17.3 (0.00121714)](0): select --table Users --query follower:@groonga --output_columns _key,name  name: <select>
  parameters:
    <table>: <Users>
    <query>: <follower:@groonga>
    <output_columns>: <_key,name>
  1) 0.00084295:     filter(     2) query: follower:@groonga
  2) 0.00002795:     select(     2)
  3) 0.00019585:     output(     2) _key,name

